../Core/Src/main.c:76:6:HAL_ADC_ConvCpltCallback	16	static
../Core/Src/main.c:88:5:main	48	static
../Core/Src/main.c:179:6:SystemClock_Config	96	static
../Core/Src/main.c:226:13:MX_ADC1_Init	48	static
../Core/Src/main.c:292:13:MX_DAC1_Init	24	static
../Core/Src/main.c:332:13:MX_I2C1_Init	8	static
../Core/Src/main.c:380:13:MX_TIM2_Init	40	static
../Core/Src/main.c:425:13:MX_USART2_UART_Init	8	static
../Core/Src/main.c:460:13:MX_GPIO_Init	48	static
../Core/Src/main.c:500:6:Error_Handler	4	static,ignoring_inline_asm
